 minispy

 Timestamp is 5b191452 (Thu Jun  7 19:17:38 2018)

 Preferred load address is 0000000140000000

 Start         Length     Name                   Class
 0001:00000000 00000f50H .text$mn                CODE
 0001:00000f50 00000030H .text$mn$00             CODE
 0001:00000f80 00000440H .text$mn$21             CODE
 0001:000013c0 00000118H .text$s                 CODE
 0001:000014d8 00000018H .text$x                 CODE
 0002:00000000 00000180H .idata$5                DATA
 0002:00000180 00000010H .00cfg                  DATA
 0002:00000190 00000000H .gfids$y                DATA
 0002:00000190 00000180H .rdata                  DATA
 0002:00000310 00000270H .rdata$zzzdbg           DATA
 0002:00000580 0000021cH .xdata                  DATA
 0003:00000000 00000040H .data                   DATA
 0003:00000040 00000504H .bss                    DATA
 0004:00000000 00000174H .pdata                  DATA
 0005:00000000 000005d0H PAGE                    CODE
 0005:000005d0 00000288H PAGE$s                  CODE
 0005:00000858 00000030H PAGE$x                  CODE
 0006:00000000 00000380H INIT                    CODE
 0006:00000380 000000c0H INIT$s                  CODE
 0006:00000440 00000048H INIT$x                  CODE
 0006:00000488 00000028H .idata$2                CODE
 0006:000004b0 00000018H .idata$3                CODE
 0006:000004c8 00000180H .idata$4                CODE
 0006:00000648 00000476H .idata$6                CODE
 0007:00000000 000005e0H INIT                    DATA
 0008:00000000 000000b0H .rsrc$01                DATA
 0008:000000b0 000003a8H .rsrc$02                DATA

  Address         Publics by Value              Rva+Base               Lib:Object

 0000:00000000       __guard_iat_table          0000000000000000     <absolute>
 0000:00000000       __dynamic_value_reloc_table 0000000000000000     <absolute>
 0000:00000000       __hybrid_code_map          0000000000000000     <absolute>
 0000:00000000       __hybrid_code_map_count    0000000000000000     <absolute>
 0000:00000000       __guard_iat_count          0000000000000000     <absolute>
 0000:00000000       __hybrid_auxiliary_iat     0000000000000000     <absolute>
 0000:00000000       __guard_longjmp_table      0000000000000000     <absolute>
 0000:00000000       __guard_longjmp_count      0000000000000000     <absolute>
 0000:00000000       __guard_fids_count         0000000000000000     <absolute>
 0000:00000000       __enclave_config           0000000000000000     <absolute>
 0000:00000000       ___safe_se_handler_table   0000000000000000     <absolute>
 0000:00000000       __guard_fids_table         0000000000000000     <absolute>
 0000:00000000       ___safe_se_handler_count   0000000000000000     <absolute>
 0000:00000100       __guard_flags              0000000000000100     <absolute>
 0001:00000000       SpyDeleteTxfContext        0000000140001000 f   minispy.obj
 0001:00000000       _guard_check_icall_nop     0000000140001000 f   BufferOverflowFastFailK:guard_support.obj
 0001:00000004       SpyEnlistInTransaction     0000000140001004 f   minispy.obj
 0001:00000188       SpyExceptionFilter         0000000140001188 f   minispy.obj
 0001:000001b4       SpyKtmNotificationCallback 00000001400011b4 f   minispy.obj
 0001:00000200       SpyPostOperationCallback   0000000140001200 f   minispy.obj
 0001:00000338       SpyPreOperationCallback    0000000140001338 f   minispy.obj
 0001:000006f0       SpyAllocateBuffer          00000001400016f0 f   mspyLib.obj
 0001:0000077c       SpyEmptyOutputBufferList   000000014000177c f   mspyLib.obj
 0001:00000864       SpyFreeRecord              0000000140001864 f   mspyLib.obj
 0001:000008d0       SpyGetLog                  00000001400018d0 f   mspyLib.obj
 0001:00000ad0       SpyLog                     0000000140001ad0 f   mspyLib.obj
 0001:00000b28       SpyLogPostOperationData    0000000140001b28 f   mspyLib.obj
 0001:00000b48       SpyLogPreOperationData     0000000140001b48 f   mspyLib.obj
 0001:00000c54       SpyLogTransactionNotify    0000000140001c54 f   mspyLib.obj
 0001:00000cfc       SpyNewRecord               0000000140001cfc f   mspyLib.obj
 0001:00000d74       SpySetRecordNameAndEcpData 0000000140001d74 f   mspyLib.obj
 0001:00000e10       __security_check_cookie    0000000140001e10 f   BufferOverflowFastFailK:amdsecgs.obj
 0001:00000e30       __report_gsfailure         0000000140001e30 f   BufferOverflowFastFailK:gs_report.obj
 0001:00000e37       _snwprintf                 0000000140001e37 f   ntoskrnl:ntoskrnl.exe
 0001:00000e3d       __C_specific_handler       0000000140001e3d f   ntoskrnl:ntoskrnl.exe
 0001:00000e44       __GSHandlerCheck           0000000140001e44 f   ntoskrnl:gshandler.obj
 0001:00000e64       __GSHandlerCheckCommon     0000000140001e64 f   ntoskrnl:gshandler.obj
 0001:00000ed0       FltRegisterFilter          0000000140001ed0 f   fltMgr:FLTMGR.SYS
 0001:00000ed6       FltUnregisterFilter        0000000140001ed6 f   fltMgr:FLTMGR.SYS
 0001:00000edc       FltStartFiltering          0000000140001edc f   fltMgr:FLTMGR.SYS
 0001:00000ee2       FltGetRoutineAddress       0000000140001ee2 f   fltMgr:FLTMGR.SYS
 0001:00000ee8       FltGetFileNameInformation  0000000140001ee8 f   fltMgr:FLTMGR.SYS
 0001:00000eee       FltReleaseFileNameInformation 0000000140001eee f   fltMgr:FLTMGR.SYS
 0001:00000ef4       FltParseFileNameInformation 0000000140001ef4 f   fltMgr:FLTMGR.SYS
 0001:00000efa       FltAllocateContext         0000000140001efa f   fltMgr:FLTMGR.SYS
 0001:00000f00       FltDeleteContext           0000000140001f00 f   fltMgr:FLTMGR.SYS
 0001:00000f06       FltReleaseContext          0000000140001f06 f   fltMgr:FLTMGR.SYS
 0001:00000f0c       FltCreateCommunicationPort 0000000140001f0c f   fltMgr:FLTMGR.SYS
 0001:00000f12       FltCloseCommunicationPort  0000000140001f12 f   fltMgr:FLTMGR.SYS
 0001:00000f18       FltCloseClientPort         0000000140001f18 f   fltMgr:FLTMGR.SYS
 0001:00000f1e       FltBuildDefaultSecurityDescriptor 0000000140001f1e f   fltMgr:FLTMGR.SYS
 0001:00000f24       FltFreeSecurityDescriptor  0000000140001f24 f   fltMgr:FLTMGR.SYS
 0001:00000f2a       FltGetDeviceObject         0000000140001f2a f   fltMgr:FLTMGR.SYS
 0001:00000f30       FltGetEcpListFromCallbackData 0000000140001f30 f   fltMgr:FLTMGR.SYS
 0001:00000f36       FltGetNextExtraCreateParameter 0000000140001f36 f   fltMgr:FLTMGR.SYS
 0001:00000f3c       FltIsEcpFromUserMode       0000000140001f3c f   fltMgr:FLTMGR.SYS
 0001:00000f60       _guard_dispatch_icall_nop  0000000140001f60 f   BufferOverflowFastFailK:guard_dispatch.obj
 0001:00000f80       memmove                    0000000140001f80 f   ntoskrnl:memcpy.obj
 0001:00000f80       memcpy                     0000000140001f80 f   ntoskrnl:memcpy.obj
 0001:000012c0       memset                     00000001400022c0 f   ntoskrnl:memset.obj
 0001:000013c0       ??_C@_1BG@DLLGGIDJ@?$AA?$DM?$AA?$CF?$AA0?$AA8?$AAx?$AA?$DO?$AA?5?$AA?$CF?$AAw?$AAZ?$AA?$AA@FNODOBFM@ 00000001400023c0     minispy.obj
 0001:000013e0       ??_C@_1GE@GOOEDKNI@?$AA?$DM?$AAN?$AAO?$AA?5?$AAN?$AAA?$AAM?$AAE?$AA?3?$AA?5?$AAN?$AAo?$AAr?$AAm?$AAa?$AAl?$AAi?$AAz?$AAe?$AAS?$AAt?$AAa?$AAt?$AAu?$AAs?$AA?$DN?$AA?$CF?$AA0?$AA8?$AAx?$AA?5?$AAO@FNODOBFM@ 00000001400023e0     minispy.obj
 0001:00001450       ??_C@_1BE@ECKFOCEH@?$AA?$DM?$AAN?$AAO?$AA?5?$AAN?$AAA?$AAM?$AAE?$AA?$DO?$AA?$AA@FNODOBFM@ 0000000140002450     minispy.obj
 0001:00001470       ??_C@_15JNBOKNOG@?$AA?$AN?$AA?6?$AA?$AA@FNODOBFM@ 0000000140002470     minispy.obj
 0001:00001480       ??_C@_1DC@KEBMDPEE@?$AA?2?$AA?$DP?$AA?$DP?$AA?2?$AAc?$AA?3?$AA?2?$AAw?$AAr?$AAi?$AAt?$AAe?$AA_?$AAc?$AAo?$AAn?$AAt?$AAe?$AAn?$AAt?$AA?4?$AAt?$AAx?$AAt?$AA?$AA@FNODOBFM@ 0000000140002480     minispy.obj
 0001:000014c0       ??_C@_1BA@GLJAAEHE@?$AA?$CF?$AAw?$AAZ?$AA?5?$AA?$CF?$AAw?$AAZ?$AA?$AA@FNODOBFM@ 00000001400024c0     mspyLib.obj
 0001:000014d0       ??_C@_17JJNMJOBL@?$AA?$CF?$AAw?$AAZ?$AA?$AA@FNODOBFM@ 00000001400024d0     mspyLib.obj
 0002:00000000       __imp_FltGetNextExtraCreateParameter 0000000140003000     fltMgr:FLTMGR.SYS
 0002:00000008       __imp_FltGetEcpListFromCallbackData 0000000140003008     fltMgr:FLTMGR.SYS
 0002:00000010       __imp_FltGetDeviceObject   0000000140003010     fltMgr:FLTMGR.SYS
 0002:00000018       __imp_FltFreeSecurityDescriptor 0000000140003018     fltMgr:FLTMGR.SYS
 0002:00000020       __imp_FltBuildDefaultSecurityDescriptor 0000000140003020     fltMgr:FLTMGR.SYS
 0002:00000028       __imp_FltCloseClientPort   0000000140003028     fltMgr:FLTMGR.SYS
 0002:00000030       __imp_FltCloseCommunicationPort 0000000140003030     fltMgr:FLTMGR.SYS
 0002:00000038       __imp_FltCreateCommunicationPort 0000000140003038     fltMgr:FLTMGR.SYS
 0002:00000040       __imp_FltReleaseContext    0000000140003040     fltMgr:FLTMGR.SYS
 0002:00000048       __imp_FltDeleteContext     0000000140003048     fltMgr:FLTMGR.SYS
 0002:00000050       __imp_FltAllocateContext   0000000140003050     fltMgr:FLTMGR.SYS
 0002:00000058       __imp_FltParseFileNameInformation 0000000140003058     fltMgr:FLTMGR.SYS
 0002:00000060       __imp_FltReleaseFileNameInformation 0000000140003060     fltMgr:FLTMGR.SYS
 0002:00000068       __imp_FltGetFileNameInformation 0000000140003068     fltMgr:FLTMGR.SYS
 0002:00000070       __imp_FltGetRoutineAddress 0000000140003070     fltMgr:FLTMGR.SYS
 0002:00000078       __imp_FltStartFiltering    0000000140003078     fltMgr:FLTMGR.SYS
 0002:00000080       __imp_FltUnregisterFilter  0000000140003080     fltMgr:FLTMGR.SYS
 0002:00000088       __imp_FltRegisterFilter    0000000140003088     fltMgr:FLTMGR.SYS
 0002:00000090       __imp_FltIsEcpFromUserMode 0000000140003090     fltMgr:FLTMGR.SYS
 0002:00000098       \177FLTMGR_NULL_THUNK_DATA 0000000140003098     fltMgr:FLTMGR.SYS
 0002:000000a0       __imp_ObfDereferenceObject 00000001400030a0     ntoskrnl:ntoskrnl.exe
 0002:000000a8       __imp_ZwOpenKey            00000001400030a8     ntoskrnl:ntoskrnl.exe
 0002:000000b0       __imp_ZwQueryValueKey      00000001400030b0     ntoskrnl:ntoskrnl.exe
 0002:000000b8       __imp_ExpInterlockedPushEntrySList 00000001400030b8     ntoskrnl:ntoskrnl.exe
 0002:000000c0       __imp_PsGetCurrentThreadId 00000001400030c0     ntoskrnl:ntoskrnl.exe
 0002:000000c8       __imp_RtlIpv4AddressToStringExA 00000001400030c8     ntoskrnl:ntoskrnl.exe
 0002:000000d0       __imp_RtlIpv6AddressToStringExA 00000001400030d0     ntoskrnl:ntoskrnl.exe
 0002:000000d8       __imp_ExpInterlockedPopEntrySList 00000001400030d8     ntoskrnl:ntoskrnl.exe
 0002:000000e0       __imp_ExQueryDepthSList    00000001400030e0     ntoskrnl:ntoskrnl.exe
 0002:000000e8       __imp_KeReleaseSpinLock    00000001400030e8     ntoskrnl:ntoskrnl.exe
 0002:000000f0       __imp_KeAcquireSpinLockRaiseToDpc 00000001400030f0     ntoskrnl:ntoskrnl.exe
 0002:000000f8       __imp_RtlStringFromGUID    00000001400030f8     ntoskrnl:ntoskrnl.exe
 0002:00000100       __imp_RtlFreeUnicodeString 0000000140003100     ntoskrnl:ntoskrnl.exe
 0002:00000108       __imp___C_specific_handler 0000000140003108     ntoskrnl:ntoskrnl.exe
 0002:00000110       __imp__snwprintf           0000000140003110     ntoskrnl:ntoskrnl.exe
 0002:00000118       __imp_FsRtlIsNtstatusExpected 0000000140003118     ntoskrnl:ntoskrnl.exe
 0002:00000120       __imp_ZwClose              0000000140003120     ntoskrnl:ntoskrnl.exe
 0002:00000128       __imp_ZwWriteFile          0000000140003128     ntoskrnl:ntoskrnl.exe
 0002:00000130       __imp_ZwCreateFile         0000000140003130     ntoskrnl:ntoskrnl.exe
 0002:00000138       __imp_IoIs32bitProcess     0000000140003138     ntoskrnl:ntoskrnl.exe
 0002:00000140       __imp_MmMapLockedPagesSpecifyCache 0000000140003140     ntoskrnl:ntoskrnl.exe
 0002:00000148       __imp_ExDeleteNPagedLookasideList 0000000140003148     ntoskrnl:ntoskrnl.exe
 0002:00000150       __imp_ExInitializeNPagedLookasideList 0000000140003150     ntoskrnl:ntoskrnl.exe
 0002:00000158       __imp_KeInitializeSpinLock 0000000140003158     ntoskrnl:ntoskrnl.exe
 0002:00000160       __imp_RtlInitUnicodeString 0000000140003160     ntoskrnl:ntoskrnl.exe
 0002:00000168       __imp_PsGetCurrentProcessId 0000000140003168     ntoskrnl:ntoskrnl.exe
 0002:00000170       __imp_RtlInitAnsiString    0000000140003170     ntoskrnl:ntoskrnl.exe
 0002:00000178       \177ntoskrnl_NULL_THUNK_DATA 0000000140003178     ntoskrnl:ntoskrnl.exe
 0002:00000180       __guard_check_icall_fptr   0000000140003180     BufferOverflowFastFailK:guard_support.obj
 0002:00000188       __guard_dispatch_icall_fptr 0000000140003188     BufferOverflowFastFailK:guard_support.obj
 0002:00000190       GUID_ECP_OPLOCK_KEY        0000000140003190     mspyLib.obj
 0002:000001a0       GUID_ECP_PREFETCH_OPEN     00000001400031a0     mspyLib.obj
 0002:000001b0       GUID_ECP_NFS_OPEN          00000001400031b0     mspyLib.obj
 0002:000001c0       GUID_ECP_SRV_OPEN          00000001400031c0     mspyLib.obj
 0002:00000210       _load_config_used          0000000140003210     BufferOverflowFastFailK:loadcfg.obj
 0003:00000010       __security_cookie          0000000140004010     BufferOverflowFastFailK:gs_support.obj
 0003:00000018       __security_cookie_complement 0000000140004018     BufferOverflowFastFailK:gs_support.obj
 0003:00000040       MiniSpyData                0000000140004040     minispy.obj
 0003:00000540       StatusToBreakOn            0000000140004540     minispy.obj
 0005:00000000       SpyConnect                 0000000140006000 f   minispy.obj
 0005:0000000c       SpyDisconnect              000000014000600c f   minispy.obj
 0005:00000020       SpyFilterUnload            0000000140006020 f   minispy.obj
 0005:00000058       SpyMessage                 0000000140006058 f   minispy.obj
 0005:000000fc       SpyQueryTeardown           00000001400060fc f   minispy.obj
 0005:00000100       SpyBuildEcpDataString      0000000140006100 f   mspyLib.obj
 0005:0000044c       SpyParseEcps               000000014000644c f   mspyLib.obj
 0005:000005d0       ??_C@_1BE@BEIFHMBJ@?$AA?$FL?$AA?$CF?$AAd?$AA?5?$AAE?$AAC?$AAP?$AAs?$AA?3?$AA?$AA@NNGAKEGL@ 00000001400065d0     mspyLib.obj
 0005:000005f0       ??_C@_1CI@EAGFGNMG@?$AA?$CF?$AAs?$AA?5?$AAO?$AAP?$AAL?$AAO?$AAC?$AAK?$AA?5?$AAK?$AAE?$AAY?$AA?3?$AA?5?$AA?$CF?$AAw?$AAZ?$AA?$DL?$AA?$AA@NNGAKEGL@ 00000001400065f0     mspyLib.obj
 0005:00000620       ??_C@_1CO@IBCLHBAL@?$AA?$CF?$AAs?$AA?5?$AAI?$AAN?$AAV?$AAA?$AAL?$AAI?$AAD?$AA?5?$AAO?$AAP?$AAL?$AAO?$AAC?$AAK?$AA?5?$AAK?$AAE?$AAY?$AA?$DL?$AA?$AA@NNGAKEGL@ 0000000140006620     mspyLib.obj
 0005:00000650       ??_C@_1DA@EMBHPAKK@?$AA?$CF?$AAs?$AA?5?$AAN?$AAF?$AAS?$AA?5?$AAS?$AAH?$AAA?$AAR?$AAE?$AA?5?$AAN?$AAA?$AAM?$AAE?$AA?3?$AA?5?$AA?$CF?$AAw?$AAZ?$AA?0?$AA?$AA@NNGAKEGL@ 0000000140006650     mspyLib.obj
 0005:00000680       ??_C@_1DA@MICJNEMM@?$AA?$CF?$AAs?$AA?5?$AAN?$AAF?$AAS?$AA?5?$AAS?$AAO?$AAC?$AAK?$AAE?$AAT?$AA?5?$AAA?$AAD?$AAD?$AAR?$AA?3?$AA?5?$AA?$CF?$AAS?$AA?$DL?$AA?$AA@NNGAKEGL@ 0000000140006680     mspyLib.obj
 0005:000006b0       ??_C@_1DI@CIFPBNLA@?$AA?$CF?$AAs?$AA?5?$AAN?$AAF?$AAS?$AA?5?$AAI?$AAN?$AAV?$AAA?$AAL?$AAI?$AAD?$AA?5?$AAS?$AAO?$AAC?$AAK?$AAE?$AAT?$AA?5?$AAA?$AAD?$AAD?$AAR?$AA?$DL?$AA?$AA@NNGAKEGL@ 00000001400066b0     mspyLib.obj
 0005:000006f0       ??_C@_1DA@OMKIHAGO@?$AA?$CF?$AAs?$AA?5?$AAS?$AAR?$AAV?$AA?5?$AAS?$AAH?$AAA?$AAR?$AAE?$AA?5?$AAN?$AAA?$AAM?$AAE?$AA?3?$AA?5?$AA?$CF?$AAw?$AAZ?$AA?0?$AA?$AA@NNGAKEGL@ 00000001400066f0     mspyLib.obj
 0005:00000720       ??_C@_1DA@GIJGFEAI@?$AA?$CF?$AAs?$AA?5?$AAS?$AAR?$AAV?$AA?5?$AAS?$AAO?$AAC?$AAK?$AAE?$AAT?$AA?5?$AAA?$AAD?$AAD?$AAR?$AA?3?$AA?5?$AA?$CF?$AAS?$AA?$DL?$AA?$AA@NNGAKEGL@ 0000000140006720     mspyLib.obj
 0005:00000750       ??_C@_1DI@MFBOIALJ@?$AA?$CF?$AAs?$AA?5?$AAS?$AAR?$AAV?$AA?5?$AAI?$AAN?$AAV?$AAA?$AAL?$AAI?$AAD?$AA?5?$AAS?$AAO?$AAC?$AAK?$AAE?$AAT?$AA?5?$AAA?$AAD?$AAD?$AAR?$AA?$DL?$AA?$AA@NNGAKEGL@ 0000000140006750     mspyLib.obj
 0005:00000790       ??_C@_13GAMECHAC@?$AAF?$AA?$AA@NNGAKEGL@ 0000000140006790     mspyLib.obj
 0005:000007a0       ??_C@_13IMODFHAA@?$AA?9?$AA?$AA@NNGAKEGL@ 00000001400067a0     mspyLib.obj
 0005:000007b0       ??_C@_13PNBDBPLL@?$AAA?$AA?$AA@NNGAKEGL@ 00000001400067b0     mspyLib.obj
 0005:000007c0       ??_C@_13OPKGLAFF@?$AAB?$AA?$AA@NNGAKEGL@ 00000001400067c0     mspyLib.obj
 0005:000007d0       ??_C@_1CM@OOEAPBPF@?$AA?$CF?$AAs?$AA?5?$AAS?$AAR?$AAV?$AA?5?$AAF?$AAL?$AAA?$AAG?$AAS?$AA?3?$AA?5?$AA?$CF?$AAs?$AA?$CF?$AAs?$AA?$CF?$AAs?$AA?$DL?$AA?$AA@NNGAKEGL@ 00000001400067d0     mspyLib.obj
 0005:00000800       ??_C@_1BK@LHDLIODC@?$AA?$CF?$AAs?$AA?5?$AAP?$AAR?$AAE?$AAF?$AAE?$AAT?$AAC?$AAH?$AA?$DL?$AA?$AA@NNGAKEGL@ 0000000140006800     mspyLib.obj
 0005:00000820       ??_C@_1CI@LNFBFLOO@?$AA?$CF?$AAs?$AA?5?$AA?$CF?$AAd?$AA?5?$AAu?$AAn?$AAk?$AAn?$AAo?$AAw?$AAn?$AA?5?$AAE?$AAC?$AAP?$AAs?$AA?$FN?$AA?$AA@NNGAKEGL@ 0000000140006820     mspyLib.obj
 0005:00000850       ??_C@_17JPJKOELE@?$AA?$CF?$AAs?$AA?$FN?$AA?$AA@NNGAKEGL@ 0000000140006850     mspyLib.obj
 0006:00000000       DriverEntry                0000000140007000 f   minispy.obj
 0006:0000021c       SpyReadDriverParameters    000000014000721c f   mspyLib.obj
 0006:00000320       GsDriverEntry              0000000140007320 f   BufferOverflowFastFailK:gs_driverentry.obj
 0006:0000034c       __security_init_cookie     000000014000734c f   BufferOverflowFastFailK:gs_support.obj
 0006:00000380       ??_C@_0BJ@PEGHOHFM@FltSetTransactionContext?$AA@PBOPGDP@ 0000000140007380     minispy.obj
 0006:000003a0       ??_C@_0BJ@BDBDOBN@FltGetTransactionContext?$AA@PBOPGDP@ 00000001400073a0     minispy.obj
 0006:000003c0       ??_C@_0BH@NBIOBFIH@FltEnlistInTransaction?$AA@PBOPGDP@ 00000001400073c0     minispy.obj
 0006:000003e0       ??_C@_1BK@DICPLIGM@?$AA?2?$AAM?$AAi?$AAn?$AAi?$AAS?$AAp?$AAy?$AAP?$AAo?$AAr?$AAt?$AA?$AA@PBOPGDP@ 00000001400073e0     minispy.obj
 0006:00000400       ??_C@_1BG@MHDFHEJC@?$AAM?$AAa?$AAx?$AAR?$AAe?$AAc?$AAo?$AAr?$AAd?$AAs?$AA?$AA@PBOPGDP@ 0000000140007400     mspyLib.obj
 0006:00000420       ??_C@_1CA@GONDOMMD@?$AAN?$AAa?$AAm?$AAe?$AAQ?$AAu?$AAe?$AAr?$AAy?$AAM?$AAe?$AAt?$AAh?$AAo?$AAd?$AA?$AA@PBOPGDP@ 0000000140007420     mspyLib.obj
 0006:00000488       __IMPORT_DESCRIPTOR_ntoskrnl 0000000140007488     ntoskrnl:ntoskrnl.exe
 0006:0000049c       __IMPORT_DESCRIPTOR_FLTMGR 000000014000749c     fltMgr:FLTMGR.SYS
 0006:000004b0       __NULL_IMPORT_DESCRIPTOR   00000001400074b0     ntoskrnl:ntoskrnl.exe
 0007:00000000       Contexts                   0000000140008000     RegistrationData.obj
 0007:00000070       FilterRegistration         0000000140008070     RegistrationData.obj
 0007:000000e0       Callbacks                  00000001400080e0     RegistrationData.obj

 entry point at        0006:00000320

 Static symbols

 0000:ffff5000       .debug$S                   0000000140000000     ntoskrnl:ntoskrnl.exe
 0000:ffff5000       .debug$S                   0000000140000000     ntoskrnl:ntoskrnl.exe
 0000:ffff5000       .debug$S                   0000000140000000     ntoskrnl:ntoskrnl.exe
 0000:ffff5000       .debug$S                   0000000140000000     ntoskrnl:ntoskrnl.exe
 0000:ffff5000       .debug$S                   0000000140000000     ntoskrnl:ntoskrnl.exe
 0000:ffff5000       .debug$S                   0000000140000000     fltMgr:FLTMGR.SYS
 0000:ffff5000       .debug$S                   0000000140000000     fltMgr:FLTMGR.SYS
 0000:ffff5000       .debug$S                   0000000140000000     fltMgr:FLTMGR.SYS
 0000:ffff5000       .debug$S                   0000000140000000     fltMgr:FLTMGR.SYS
 0000:ffff5000       .debug$S                   0000000140000000     fltMgr:FLTMGR.SYS
 0000:ffff5000       .debug$S                   0000000140000000     fltMgr:FLTMGR.SYS
 0000:ffff5000       .debug$S                   0000000140000000     fltMgr:FLTMGR.SYS
 0000:ffff5000       .debug$S                   0000000140000000     fltMgr:FLTMGR.SYS
 0000:ffff5000       .debug$S                   0000000140000000     fltMgr:FLTMGR.SYS
 0000:ffff5000       .debug$S                   0000000140000000     fltMgr:FLTMGR.SYS
 0000:ffff5000       .debug$S                   0000000140000000     fltMgr:FLTMGR.SYS
 0000:ffff5000       .debug$S                   0000000140000000     fltMgr:FLTMGR.SYS
 0000:ffff5000       .debug$S                   0000000140000000     fltMgr:FLTMGR.SYS
 0000:ffff5000       .debug$S                   0000000140000000     fltMgr:FLTMGR.SYS
 0000:ffff5000       .debug$S                   0000000140000000     fltMgr:FLTMGR.SYS
 0000:ffff5000       .debug$S                   0000000140000000     fltMgr:FLTMGR.SYS
 0000:ffff5000       .debug$S                   0000000140000000     fltMgr:FLTMGR.SYS
 0000:ffff5000       .debug$S                   0000000140000000     fltMgr:FLTMGR.SYS
 0000:ffff5000       .debug$S                   0000000140000000     fltMgr:FLTMGR.SYS
 0000:ffff5000       .debug$S                   0000000140000000     ntoskrnl:ntoskrnl.exe
 0000:ffff5000       .debug$S                   0000000140000000     ntoskrnl:ntoskrnl.exe
 0000:ffff5000       .debug$S                   0000000140000000     ntoskrnl:ntoskrnl.exe
 0000:ffff5000       .debug$S                   0000000140000000     ntoskrnl:ntoskrnl.exe
 0000:ffff5000       .debug$S                   0000000140000000     ntoskrnl:ntoskrnl.exe
 0000:ffff5000       .debug$S                   0000000140000000     ntoskrnl:ntoskrnl.exe
 0000:ffff5000       .debug$S                   0000000140000000     ntoskrnl:ntoskrnl.exe
 0000:ffff5000       .debug$S                   0000000140000000     ntoskrnl:ntoskrnl.exe
 0000:ffff5000       .debug$S                   0000000140000000     ntoskrnl:ntoskrnl.exe
 0000:ffff5000       .debug$S                   0000000140000000     ntoskrnl:ntoskrnl.exe
 0000:ffff5000       .debug$S                   0000000140000000     ntoskrnl:ntoskrnl.exe
 0000:ffff5000       .debug$S                   0000000140000000     ntoskrnl:ntoskrnl.exe
 0000:ffff5000       .debug$S                   0000000140000000     ntoskrnl:ntoskrnl.exe
 0000:ffff5000       .debug$S                   0000000140000000     ntoskrnl:ntoskrnl.exe
 0000:ffff5000       .debug$S                   0000000140000000     ntoskrnl:ntoskrnl.exe
 0000:ffff5000       .debug$S                   0000000140000000     ntoskrnl:ntoskrnl.exe
 0000:ffff5000       .debug$S                   0000000140000000     ntoskrnl:ntoskrnl.exe
 0000:ffff5000       .debug$S                   0000000140000000     ntoskrnl:ntoskrnl.exe
 0000:ffff5000       .debug$S                   0000000140000000     ntoskrnl:ntoskrnl.exe
 0000:ffff5000       .debug$S                   0000000140000000     ntoskrnl:ntoskrnl.exe
 0000:ffff5000       .debug$S                   0000000140000000     ntoskrnl:ntoskrnl.exe
 0000:ffff5000       .debug$S                   0000000140000000     ntoskrnl:ntoskrnl.exe
 0001:00000e00       $$000000                   0000000140001e00     BufferOverflowFastFailK:amdsecgs.obj
 0001:00000f50       $$000000                   0000000140001f50     BufferOverflowFastFailK:guard_dispatch.obj
 0001:00000f80       $$000000                   0000000140001f80     ntoskrnl:memcpy.obj
 0001:000012c0       $$000000                   00000001400022c0     ntoskrnl:memset.obj
 0001:000014d8       SpyGetLog$filt$0           00000001400024d8 f   mspyLib.obj
 0002:00000580       $unwind$SpyPreOperationCallback 0000000140003580     minispy.obj
 0002:000005a8       $unwind$SpyPostOperationCallback 00000001400035a8     minispy.obj
 0002:000005c4       $unwind$SpyKtmNotificationCallback 00000001400035c4     minispy.obj
 0002:000005d8       $unwind$SpyFilterUnload    00000001400035d8     minispy.obj
 0002:000005d8       $unwind$__GSHandlerCheck   00000001400035d8     ntoskrnl:gshandler.obj
 0002:000005d8       $unwind$__GSHandlerCheckCommon 00000001400035d8     ntoskrnl:gshandler.obj
 0002:000005e4       $unwind$SpyExceptionFilter 00000001400035e4     minispy.obj
 0002:000005e4       $unwind$SpyNewRecord       00000001400035e4     mspyLib.obj
 0002:000005e4       $unwind$SpyAllocateBuffer  00000001400035e4     mspyLib.obj
 0002:000005f0       $unwind$DriverEntry        00000001400035f0     minispy.obj
 0002:00000620       $unwind$DriverEntry$fin$0  0000000140003620     minispy.obj
 0002:0000062c       $unwind$SpyMessage         000000014000362c     minispy.obj
 0002:00000664       $unwind$SpyGetLog$filt$0   0000000140003664     mspyLib.obj
 0002:00000664       $unwind$SpyMessage$filt$0  0000000140003664     minispy.obj
 0002:00000664       $unwind$SpyMessage$filt$1  0000000140003664     minispy.obj
 0002:00000670       $unwind$SpyEnlistInTransaction 0000000140003670     minispy.obj
 0002:00000684       $unwind$SpyReadDriverParameters 0000000140003684     mspyLib.obj
 0002:0000069c       $unwind$SpyFreeRecord      000000014000369c     mspyLib.obj
 0002:000006ac       $unwind$SpyParseEcps       00000001400036ac     mspyLib.obj
 0002:000006c8       $unwind$SpyBuildEcpDataString 00000001400036c8     mspyLib.obj
 0002:000006f0       $unwind$SpySetRecordNameAndEcpData 00000001400036f0     mspyLib.obj
 0002:00000704       $unwind$SpyLogTransactionNotify 0000000140003704     mspyLib.obj
 0002:00000704       $unwind$SpyLogPreOperationData 0000000140003704     mspyLib.obj
 0002:0000071c       $unwind$SpyLog             000000014000371c     mspyLib.obj
 0002:00000728       $unwind$SpyGetLog          0000000140003728     mspyLib.obj
 0002:0000075c       $unwind$SpyEmptyOutputBufferList 000000014000375c     mspyLib.obj
 0002:0000076c       $unwind$GsDriverEntry      000000014000376c     BufferOverflowFastFailK:gs_driverentry.obj
 0002:00000780       $xdatasym                  0000000140003780     BufferOverflowFastFailK:amdsecgs.obj
 0002:00000788       $xdatasym                  0000000140003788     ntoskrnl:memcpy.obj
 0002:00000790       $xdatasym                  0000000140003790     ntoskrnl:memset.obj
 0002:00000798       $xdatasym                  0000000140003798     BufferOverflowFastFailK:guard_dispatch.obj
 0003:00000000       ?Sequence@?1??SpyEnlistInTransaction@@9@9 0000000140004000     minispy.obj
 0004:00000000       $pdata$SpyPreOperationCallback 0000000140005000     minispy.obj
 0004:0000000c       $pdata$SpyPostOperationCallback 000000014000500c     minispy.obj
 0004:00000018       $pdata$SpyKtmNotificationCallback 0000000140005018     minispy.obj
 0004:00000024       $pdata$SpyFilterUnload     0000000140005024     minispy.obj
 0004:00000030       $pdata$SpyExceptionFilter  0000000140005030     minispy.obj
 0004:0000003c       $pdata$DriverEntry         000000014000503c     minispy.obj
 0004:00000048       $pdata$DriverEntry$fin$0   0000000140005048     minispy.obj
 0004:00000054       $pdata$SpyMessage          0000000140005054     minispy.obj
 0004:00000060       $pdata$SpyMessage$filt$1   0000000140005060     minispy.obj
 0004:0000006c       $pdata$SpyMessage$filt$0   000000014000506c     minispy.obj
 0004:00000078       $pdata$SpyEnlistInTransaction 0000000140005078     minispy.obj
 0004:00000084       $pdata$SpyReadDriverParameters 0000000140005084     mspyLib.obj
 0004:00000090       $pdata$SpyAllocateBuffer   0000000140005090     mspyLib.obj
 0004:0000009c       $pdata$SpyNewRecord        000000014000509c     mspyLib.obj
 0004:000000a8       $pdata$SpyFreeRecord       00000001400050a8     mspyLib.obj
 0004:000000b4       $pdata$SpyParseEcps        00000001400050b4     mspyLib.obj
 0004:000000c0       $pdata$SpyBuildEcpDataString 00000001400050c0     mspyLib.obj
 0004:000000cc       $pdata$SpySetRecordNameAndEcpData 00000001400050cc     mspyLib.obj
 0004:000000d8       $pdata$SpyLogPreOperationData 00000001400050d8     mspyLib.obj
 0004:000000e4       $pdata$SpyLogTransactionNotify 00000001400050e4     mspyLib.obj
 0004:000000f0       $pdata$SpyLog              00000001400050f0     mspyLib.obj
 0004:000000fc       $pdata$SpyGetLog           00000001400050fc     mspyLib.obj
 0004:00000108       $pdata$SpyGetLog$filt$0    0000000140005108     mspyLib.obj
 0004:00000114       $pdata$SpyEmptyOutputBufferList 0000000140005114     mspyLib.obj
 0004:00000120       $pdata$GsDriverEntry       0000000140005120     BufferOverflowFastFailK:gs_driverentry.obj
 0004:00000138       $pdata$__GSHandlerCheckCommon 0000000140005138     ntoskrnl:gshandler.obj
 0004:00000144       $pdata$__GSHandlerCheck    0000000140005144     ntoskrnl:gshandler.obj
 0005:00000858       SpyMessage$filt$1          0000000140006858 f   minispy.obj
 0005:00000870       SpyMessage$filt$0          0000000140006870 f   minispy.obj
 0006:00000440       DriverEntry$fin$0          0000000140007440 f   minispy.obj
 0006:000008b6       .idata$6                   00000001400078b6     ntoskrnl:ntoskrnl.exe
 0006:00000ab2       .idata$6                   0000000140007ab2     fltMgr:FLTMGR.SYS
 0008:000000b0       $R000000                   00000001400090b0     minispy.res
 0008:000000e8       $R000038                   00000001400090e8     minispy.res
