 minispy

 Timestamp is 5b10f844 (Fri Jun  1 15:39:48 2018)

 Preferred load address is 0000000140000000

 Start         Length     Name                   Class
 0001:00000000 000018e0H .text$mn                CODE
 0001:000018e0 00000020H .text$mn$00             CODE
 0001:00001900 000000d0H .text$s                 CODE
 0001:000019d0 00000023H .text$x                 CODE
 0002:00000000 00000160H .idata$5                DATA
 0002:00000160 00000010H .00cfg                  DATA
 0002:00000170 00000000H .gfids$y                DATA
 0002:00000170 00000180H .rdata                  DATA
 0002:000002f0 00000258H .rdata$zzzdbg           DATA
 0002:00000548 000001f4H .xdata                  DATA
 0003:00000000 00000040H .data                   DATA
 0003:00000040 00000504H .bss                    DATA
 0004:00000000 0000021cH .pdata                  DATA
 0005:00000000 00000ed0H PAGE                    CODE
 0005:00000ed0 00000290H PAGE$s                  CODE
 0005:00001160 00000046H PAGE$x                  CODE
 0006:00000000 00000490H INIT                    CODE
 0006:00000490 000000c0H INIT$s                  CODE
 0006:00000550 00000054H INIT$x                  CODE
 0006:000005a4 00000028H .idata$2                CODE
 0006:000005cc 00000014H .idata$3                CODE
 0006:000005e0 00000160H .idata$4                CODE
 0006:00000740 00000424H .idata$6                CODE
 0007:00000000 000005e0H INIT                    DATA
 0008:00000000 000000b0H .rsrc$01                DATA
 0008:000000b0 000003a8H .rsrc$02                DATA

  Address         Publics by Value              Rva+Base               Lib:Object

 0000:00000000       __guard_iat_table          0000000000000000     <absolute>
 0000:00000000       __guard_iat_count          0000000000000000     <absolute>
 0000:00000000       __hybrid_code_map          0000000000000000     <absolute>
 0000:00000000       __hybrid_code_map_count    0000000000000000     <absolute>
 0000:00000000       __dynamic_value_reloc_table 0000000000000000     <absolute>
 0000:00000000       __hybrid_auxiliary_iat     0000000000000000     <absolute>
 0000:00000000       __guard_longjmp_table      0000000000000000     <absolute>
 0000:00000000       __guard_longjmp_count      0000000000000000     <absolute>
 0000:00000000       __guard_fids_count         0000000000000000     <absolute>
 0000:00000000       __enclave_config           0000000000000000     <absolute>
 0000:00000000       ___safe_se_handler_table   0000000000000000     <absolute>
 0000:00000000       ___safe_se_handler_count   0000000000000000     <absolute>
 0000:00000000       __guard_fids_table         0000000000000000     <absolute>
 0000:00000100       __guard_flags              0000000000000100     <absolute>
 0001:00000000       InitializeListHead         0000000140001000 f i minispy.obj
 0001:00000030       KeGetCurrentIrql           0000000140001030 f i minispy.obj
 0001:00000040       RtlInitEmptyUnicodeString  0000000140001040 f i minispy.obj
 0001:00000080       SpyDeleteTxfContext        0000000140001080 f   minispy.obj
 0001:00000100       SpyEnlistInTransaction     0000000140001100 f   minispy.obj
 0001:000003d0       SpyExceptionFilter         00000001400013d0 f   minispy.obj
 0001:00000420       SpyKtmNotificationCallback 0000000140001420 f   minispy.obj
 0001:00000470       SpyPostOperationCallback   0000000140001470 f   minispy.obj
 0001:00000600       SpyPreOperationCallback    0000000140001600 f   minispy.obj
 0001:00000940       ExAllocateFromNPagedLookasideList 0000000140001940 f i mspyLib.obj
 0001:000009c0       ExFreeToNPagedLookasideList 00000001400019c0 f i mspyLib.obj
 0001:00000a40       FatalListEntryError        0000000140001a40 f i mspyLib.obj
 0001:00000a70       InsertHeadList             0000000140001a70 f i mspyLib.obj
 0001:00000b00       InsertTailList             0000000140001b00 f i mspyLib.obj
 0001:00000b90       IsListEmpty                0000000140001b90 f i mspyLib.obj
 0001:00000bc0       RemoveHeadList             0000000140001bc0 f i mspyLib.obj
 0001:00000c50       RtlFailFast                0000000140001c50 f i mspyLib.obj
 0001:00000c60       RtlpCheckListEntry         0000000140001c60 f i mspyLib.obj
 0001:00000cc0       SpyAllocateBuffer          0000000140001cc0 f   mspyLib.obj
 0001:00000d40       SpyEmptyOutputBufferList   0000000140001d40 f   mspyLib.obj
 0001:00000dd0       SpyFreeBuffer              0000000140001dd0 f   mspyLib.obj
 0001:00000e00       SpyFreeRecord              0000000140001e00 f   mspyLib.obj
 0001:00000e70       SpyGetLog                  0000000140001e70 f   mspyLib.obj
 0001:000010e0       SpyLog                     00000001400020e0 f   mspyLib.obj
 0001:00001130       SpyLogPostOperationData    0000000140002130 f   mspyLib.obj
 0001:00001190       SpyLogPreOperationData     0000000140002190 f   mspyLib.obj
 0001:00001320       SpyLogTransactionNotify    0000000140002320 f   mspyLib.obj
 0001:00001400       SpyNewRecord               0000000140002400 f   mspyLib.obj
 0001:000014b0       SpySetRecordNameAndEcpData 00000001400024b0 f   mspyLib.obj
 0001:00001600       TxNotificationToMinorCode  0000000140002600 f   mspyLib.obj
 0001:000016b4       __report_gsfailure         00000001400026b4 f   BufferOverflowFastFailK:gs_report.obj
 0001:000016bc       __report_rangecheckfailure 00000001400026bc f   BufferOverflowFastFailK:gs_report.obj
 0001:000016e0       __security_check_cookie    00000001400026e0 f   BufferOverflowFastFailK:amdsecgs.obj
 0001:000016fe       _snwprintf                 00000001400026fe f   ntoskrnl:ntoskrnl.exe
 0001:00001704       __C_specific_handler       0000000140002704 f   ntoskrnl:ntoskrnl.exe
 0001:0000170c       __GSHandlerCheck           000000014000270c f   ntoskrnl:gshandler.obj
 0001:0000172c       __GSHandlerCheckCommon     000000014000272c f   ntoskrnl:gshandler.obj
 0001:000017a0       memcmp                     00000001400027a0 f   ntoskrnl:memcmp.obj
 0001:00001867       FltRegisterFilter          0000000140002867 f   fltMgr:FLTMGR.SYS
 0001:0000186d       FltUnregisterFilter        000000014000286d f   fltMgr:FLTMGR.SYS
 0001:00001873       FltStartFiltering          0000000140002873 f   fltMgr:FLTMGR.SYS
 0001:00001879       FltGetRoutineAddress       0000000140002879 f   fltMgr:FLTMGR.SYS
 0001:0000187f       FltGetFileNameInformation  000000014000287f f   fltMgr:FLTMGR.SYS
 0001:00001885       FltReleaseFileNameInformation 0000000140002885 f   fltMgr:FLTMGR.SYS
 0001:0000188b       FltParseFileNameInformation 000000014000288b f   fltMgr:FLTMGR.SYS
 0001:00001891       FltAllocateContext         0000000140002891 f   fltMgr:FLTMGR.SYS
 0001:00001897       FltDeleteContext           0000000140002897 f   fltMgr:FLTMGR.SYS
 0001:0000189d       FltReleaseContext          000000014000289d f   fltMgr:FLTMGR.SYS
 0001:000018a3       FltCreateCommunicationPort 00000001400028a3 f   fltMgr:FLTMGR.SYS
 0001:000018a9       FltCloseCommunicationPort  00000001400028a9 f   fltMgr:FLTMGR.SYS
 0001:000018af       FltCloseClientPort         00000001400028af f   fltMgr:FLTMGR.SYS
 0001:000018b5       FltBuildDefaultSecurityDescriptor 00000001400028b5 f   fltMgr:FLTMGR.SYS
 0001:000018bb       FltFreeSecurityDescriptor  00000001400028bb f   fltMgr:FLTMGR.SYS
 0001:000018c1       FltGetDeviceObject         00000001400028c1 f   fltMgr:FLTMGR.SYS
 0001:000018c7       FltGetEcpListFromCallbackData 00000001400028c7 f   fltMgr:FLTMGR.SYS
 0001:000018cd       FltGetNextExtraCreateParameter 00000001400028cd f   fltMgr:FLTMGR.SYS
 0001:000018d3       FltIsEcpFromUserMode       00000001400028d3 f   fltMgr:FLTMGR.SYS
 0001:000018dc       _guard_check_icall_nop     00000001400028dc f i BufferOverflowFastFailK:guard_support.obj
 0001:000018f0       _guard_dispatch_icall_nop  00000001400028f0 f   BufferOverflowFastFailK:guard_dispatch.obj
 0001:00001900       ??_C@_1BG@DLLGGIDJ@?$AA?$DM?$AA?$CF?$AA0?$AA8?$AAx?$AA?$DO?$AA?5?$AA?$CF?$AAw?$AAZ?$AA?$AA@FNODOBFM@ 0000000140002900     minispy.obj
 0001:00001920       ??_C@_1GE@GOOEDKNI@?$AA?$DM?$AAN?$AAO?$AA?5?$AAN?$AAA?$AAM?$AAE?$AA?3?$AA?5?$AAN?$AAo?$AAr?$AAm?$AAa?$AAl?$AAi?$AAz?$AAe?$AAS?$AAt?$AAa?$AAt?$AAu?$AAs?$AA?$DN?$AA?$CF?$AA0?$AA8?$AAx?$AA?5?$AAO@FNODOBFM@ 0000000140002920     minispy.obj
 0001:00001990       ??_C@_1BE@ECKFOCEH@?$AA?$DM?$AAN?$AAO?$AA?5?$AAN?$AAA?$AAM?$AAE?$AA?$DO?$AA?$AA@FNODOBFM@ 0000000140002990     minispy.obj
 0001:000019b0       ??_C@_1BA@GLJAAEHE@?$AA?$CF?$AAw?$AAZ?$AA?5?$AA?$CF?$AAw?$AAZ?$AA?$AA@FNODOBFM@ 00000001400029b0     mspyLib.obj
 0001:000019c0       ??_C@_17JJNMJOBL@?$AA?$CF?$AAw?$AAZ?$AA?$AA@FNODOBFM@ 00000001400029c0     mspyLib.obj
 0002:00000000       __imp_FltGetNextExtraCreateParameter 0000000140003000     fltMgr:FLTMGR.SYS
 0002:00000008       __imp_FltGetEcpListFromCallbackData 0000000140003008     fltMgr:FLTMGR.SYS
 0002:00000010       __imp_FltGetDeviceObject   0000000140003010     fltMgr:FLTMGR.SYS
 0002:00000018       __imp_FltFreeSecurityDescriptor 0000000140003018     fltMgr:FLTMGR.SYS
 0002:00000020       __imp_FltBuildDefaultSecurityDescriptor 0000000140003020     fltMgr:FLTMGR.SYS
 0002:00000028       __imp_FltCloseClientPort   0000000140003028     fltMgr:FLTMGR.SYS
 0002:00000030       __imp_FltCloseCommunicationPort 0000000140003030     fltMgr:FLTMGR.SYS
 0002:00000038       __imp_FltCreateCommunicationPort 0000000140003038     fltMgr:FLTMGR.SYS
 0002:00000040       __imp_FltReleaseContext    0000000140003040     fltMgr:FLTMGR.SYS
 0002:00000048       __imp_FltDeleteContext     0000000140003048     fltMgr:FLTMGR.SYS
 0002:00000050       __imp_FltAllocateContext   0000000140003050     fltMgr:FLTMGR.SYS
 0002:00000058       __imp_FltParseFileNameInformation 0000000140003058     fltMgr:FLTMGR.SYS
 0002:00000060       __imp_FltReleaseFileNameInformation 0000000140003060     fltMgr:FLTMGR.SYS
 0002:00000068       __imp_FltGetFileNameInformation 0000000140003068     fltMgr:FLTMGR.SYS
 0002:00000070       __imp_FltGetRoutineAddress 0000000140003070     fltMgr:FLTMGR.SYS
 0002:00000078       __imp_FltStartFiltering    0000000140003078     fltMgr:FLTMGR.SYS
 0002:00000080       __imp_FltUnregisterFilter  0000000140003080     fltMgr:FLTMGR.SYS
 0002:00000088       __imp_FltRegisterFilter    0000000140003088     fltMgr:FLTMGR.SYS
 0002:00000090       __imp_FltIsEcpFromUserMode 0000000140003090     fltMgr:FLTMGR.SYS
 0002:00000098       \177FLTMGR_NULL_THUNK_DATA 0000000140003098     fltMgr:FLTMGR.SYS
 0002:000000a0       __imp_PsGetCurrentThreadId 00000001400030a0     ntoskrnl:ntoskrnl.exe
 0002:000000a8       __imp_PsGetCurrentProcessId 00000001400030a8     ntoskrnl:ntoskrnl.exe
 0002:000000b0       __imp_RtlIpv6AddressToStringExA 00000001400030b0     ntoskrnl:ntoskrnl.exe
 0002:000000b8       __imp_ZwQueryValueKey      00000001400030b8     ntoskrnl:ntoskrnl.exe
 0002:000000c0       __imp_ZwOpenKey            00000001400030c0     ntoskrnl:ntoskrnl.exe
 0002:000000c8       __imp_ZwClose              00000001400030c8     ntoskrnl:ntoskrnl.exe
 0002:000000d0       __imp_ObfDereferenceObject 00000001400030d0     ntoskrnl:ntoskrnl.exe
 0002:000000d8       __imp_ExpInterlockedPushEntrySList 00000001400030d8     ntoskrnl:ntoskrnl.exe
 0002:000000e0       __imp_ExpInterlockedPopEntrySList 00000001400030e0     ntoskrnl:ntoskrnl.exe
 0002:000000e8       __imp_ExQueryDepthSList    00000001400030e8     ntoskrnl:ntoskrnl.exe
 0002:000000f0       __imp_KeReleaseSpinLock    00000001400030f0     ntoskrnl:ntoskrnl.exe
 0002:000000f8       __imp_KeAcquireSpinLockRaiseToDpc 00000001400030f8     ntoskrnl:ntoskrnl.exe
 0002:00000100       __imp_RtlStringFromGUID    0000000140003100     ntoskrnl:ntoskrnl.exe
 0002:00000108       __imp_RtlFreeUnicodeString 0000000140003108     ntoskrnl:ntoskrnl.exe
 0002:00000110       __imp___C_specific_handler 0000000140003110     ntoskrnl:ntoskrnl.exe
 0002:00000118       __imp__snwprintf           0000000140003118     ntoskrnl:ntoskrnl.exe
 0002:00000120       __imp_FsRtlIsNtstatusExpected 0000000140003120     ntoskrnl:ntoskrnl.exe
 0002:00000128       __imp_IoIs32bitProcess     0000000140003128     ntoskrnl:ntoskrnl.exe
 0002:00000130       __imp_ExDeleteNPagedLookasideList 0000000140003130     ntoskrnl:ntoskrnl.exe
 0002:00000138       __imp_ExInitializeNPagedLookasideList 0000000140003138     ntoskrnl:ntoskrnl.exe
 0002:00000140       __imp_KeInitializeSpinLock 0000000140003140     ntoskrnl:ntoskrnl.exe
 0002:00000148       __imp_RtlIpv4AddressToStringExA 0000000140003148     ntoskrnl:ntoskrnl.exe
 0002:00000150       __imp_RtlInitUnicodeString 0000000140003150     ntoskrnl:ntoskrnl.exe
 0002:00000158       \177ntoskrnl_NULL_THUNK_DATA 0000000140003158     ntoskrnl:ntoskrnl.exe
 0002:00000160       __guard_check_icall_fptr   0000000140003160     BufferOverflowFastFailK:guard_support.obj
 0002:00000168       __guard_dispatch_icall_fptr 0000000140003168     BufferOverflowFastFailK:guard_support.obj
 0002:00000170       GUID_ECP_OPLOCK_KEY        0000000140003170     mspyLib.obj
 0002:00000180       GUID_ECP_PREFETCH_OPEN     0000000140003180     mspyLib.obj
 0002:00000190       GUID_ECP_NFS_OPEN          0000000140003190     mspyLib.obj
 0002:000001a0       GUID_ECP_SRV_OPEN          00000001400031a0     mspyLib.obj
 0002:000001f0       _load_config_used          00000001400031f0     BufferOverflowFastFailK:loadcfg.obj
 0003:00000010       __security_cookie          0000000140004010     BufferOverflowFastFailK:gs_support.obj
 0003:00000018       __security_cookie_complement 0000000140004018     BufferOverflowFastFailK:gs_support.obj
 0003:00000040       MiniSpyData                0000000140004040     minispy.obj
 0003:00000540       StatusToBreakOn            0000000140004540     minispy.obj
 0005:00000000       SpyConnect                 0000000140006000 f   minispy.obj
 0005:000000a0       SpyDisconnect              00000001400060a0 f   minispy.obj
 0005:00000100       SpyFilterUnload            0000000140006100 f   minispy.obj
 0005:00000180       SpyMessage                 0000000140006180 f   minispy.obj
 0005:00000340       SpyQueryTeardown           0000000140006340 f   minispy.obj
 0005:00000390       SpyBuildEcpDataString      0000000140006390 f   mspyLib.obj
 0005:00000c10       SpyParseEcps               0000000140006c10 f   mspyLib.obj
 0005:00000ed0       ??_C@_1BE@BEIFHMBJ@?$AA?$FL?$AA?$CF?$AAd?$AA?5?$AAE?$AAC?$AAP?$AAs?$AA?3?$AA?$AA@NNGAKEGL@ 0000000140006ed0     mspyLib.obj
 0005:00000ef0       ??_C@_1CI@EAGFGNMG@?$AA?$CF?$AAs?$AA?5?$AAO?$AAP?$AAL?$AAO?$AAC?$AAK?$AA?5?$AAK?$AAE?$AAY?$AA?3?$AA?5?$AA?$CF?$AAw?$AAZ?$AA?$DL?$AA?$AA@NNGAKEGL@ 0000000140006ef0     mspyLib.obj
 0005:00000f20       ??_C@_1CO@IBCLHBAL@?$AA?$CF?$AAs?$AA?5?$AAI?$AAN?$AAV?$AAA?$AAL?$AAI?$AAD?$AA?5?$AAO?$AAP?$AAL?$AAO?$AAC?$AAK?$AA?5?$AAK?$AAE?$AAY?$AA?$DL?$AA?$AA@NNGAKEGL@ 0000000140006f20     mspyLib.obj
 0005:00000f50       ??_C@_1DA@EMBHPAKK@?$AA?$CF?$AAs?$AA?5?$AAN?$AAF?$AAS?$AA?5?$AAS?$AAH?$AAA?$AAR?$AAE?$AA?5?$AAN?$AAA?$AAM?$AAE?$AA?3?$AA?5?$AA?$CF?$AAw?$AAZ?$AA?0?$AA?$AA@NNGAKEGL@ 0000000140006f50     mspyLib.obj
 0005:00000f80       ??_C@_1DA@MICJNEMM@?$AA?$CF?$AAs?$AA?5?$AAN?$AAF?$AAS?$AA?5?$AAS?$AAO?$AAC?$AAK?$AAE?$AAT?$AA?5?$AAA?$AAD?$AAD?$AAR?$AA?3?$AA?5?$AA?$CF?$AAS?$AA?$DL?$AA?$AA@NNGAKEGL@ 0000000140006f80     mspyLib.obj
 0005:00000fb0       ??_C@_1DI@CIFPBNLA@?$AA?$CF?$AAs?$AA?5?$AAN?$AAF?$AAS?$AA?5?$AAI?$AAN?$AAV?$AAA?$AAL?$AAI?$AAD?$AA?5?$AAS?$AAO?$AAC?$AAK?$AAE?$AAT?$AA?5?$AAA?$AAD?$AAD?$AAR?$AA?$DL?$AA?$AA@NNGAKEGL@ 0000000140006fb0     mspyLib.obj
 0005:00000ff0       ??_C@_1DA@OMKIHAGO@?$AA?$CF?$AAs?$AA?5?$AAS?$AAR?$AAV?$AA?5?$AAS?$AAH?$AAA?$AAR?$AAE?$AA?5?$AAN?$AAA?$AAM?$AAE?$AA?3?$AA?5?$AA?$CF?$AAw?$AAZ?$AA?0?$AA?$AA@NNGAKEGL@ 0000000140006ff0     mspyLib.obj
 0005:00001020       ??_C@_1DA@GIJGFEAI@?$AA?$CF?$AAs?$AA?5?$AAS?$AAR?$AAV?$AA?5?$AAS?$AAO?$AAC?$AAK?$AAE?$AAT?$AA?5?$AAA?$AAD?$AAD?$AAR?$AA?3?$AA?5?$AA?$CF?$AAS?$AA?$DL?$AA?$AA@NNGAKEGL@ 0000000140007020     mspyLib.obj
 0005:00001050       ??_C@_1DI@MFBOIALJ@?$AA?$CF?$AAs?$AA?5?$AAS?$AAR?$AAV?$AA?5?$AAI?$AAN?$AAV?$AAA?$AAL?$AAI?$AAD?$AA?5?$AAS?$AAO?$AAC?$AAK?$AAE?$AAT?$AA?5?$AAA?$AAD?$AAD?$AAR?$AA?$DL?$AA?$AA@NNGAKEGL@ 0000000140007050     mspyLib.obj
 0005:00001090       ??_C@_13GAMECHAC@?$AAF?$AA?$AA@NNGAKEGL@ 0000000140007090     mspyLib.obj
 0005:000010a0       ??_C@_13IMODFHAA@?$AA?9?$AA?$AA@NNGAKEGL@ 00000001400070a0     mspyLib.obj
 0005:000010b0       ??_C@_13PNBDBPLL@?$AAA?$AA?$AA@NNGAKEGL@ 00000001400070b0     mspyLib.obj
 0005:000010c0       ??_C@_13OPKGLAFF@?$AAB?$AA?$AA@NNGAKEGL@ 00000001400070c0     mspyLib.obj
 0005:000010d0       ??_C@_1CM@OOEAPBPF@?$AA?$CF?$AAs?$AA?5?$AAS?$AAR?$AAV?$AA?5?$AAF?$AAL?$AAA?$AAG?$AAS?$AA?3?$AA?5?$AA?$CF?$AAs?$AA?$CF?$AAs?$AA?$CF?$AAs?$AA?$DL?$AA?$AA@NNGAKEGL@ 00000001400070d0     mspyLib.obj
 0005:00001100       ??_C@_1BK@LHDLIODC@?$AA?$CF?$AAs?$AA?5?$AAP?$AAR?$AAE?$AAF?$AAE?$AAT?$AAC?$AAH?$AA?$DL?$AA?$AA@NNGAKEGL@ 0000000140007100     mspyLib.obj
 0005:00001120       ??_C@_1CI@LNFBFLOO@?$AA?$CF?$AAs?$AA?5?$AA?$CF?$AAd?$AA?5?$AAu?$AAn?$AAk?$AAn?$AAo?$AAw?$AAn?$AA?5?$AAE?$AAC?$AAP?$AAs?$AA?$FN?$AA?$AA@NNGAKEGL@ 0000000140007120     mspyLib.obj
 0005:00001150       ??_C@_17JPJKOELE@?$AA?$CF?$AAs?$AA?$FN?$AA?$AA@NNGAKEGL@ 0000000140007150     mspyLib.obj
 0006:00000000       DriverEntry                0000000140008000 f   minispy.obj
 0006:00000240       SpyReadDriverParameters    0000000140008240 f   mspyLib.obj
 0006:0000042c       GsDriverEntry              000000014000842c f   BufferOverflowFastFailK:gs_driverentry.obj
 0006:00000458       __security_init_cookie     0000000140008458 f   BufferOverflowFastFailK:gs_support.obj
 0006:00000490       ??_C@_0BJ@PEGHOHFM@FltSetTransactionContext?$AA@PBOPGDP@ 0000000140008490     minispy.obj
 0006:000004b0       ??_C@_0BJ@BDBDOBN@FltGetTransactionContext?$AA@PBOPGDP@ 00000001400084b0     minispy.obj
 0006:000004d0       ??_C@_0BH@NBIOBFIH@FltEnlistInTransaction?$AA@PBOPGDP@ 00000001400084d0     minispy.obj
 0006:000004f0       ??_C@_1BK@DICPLIGM@?$AA?2?$AAM?$AAi?$AAn?$AAi?$AAS?$AAp?$AAy?$AAP?$AAo?$AAr?$AAt?$AA?$AA@PBOPGDP@ 00000001400084f0     minispy.obj
 0006:00000510       ??_C@_1BG@MHDFHEJC@?$AAM?$AAa?$AAx?$AAR?$AAe?$AAc?$AAo?$AAr?$AAd?$AAs?$AA?$AA@PBOPGDP@ 0000000140008510     mspyLib.obj
 0006:00000530       ??_C@_1CA@GONDOMMD@?$AAN?$AAa?$AAm?$AAe?$AAQ?$AAu?$AAe?$AAr?$AAy?$AAM?$AAe?$AAt?$AAh?$AAo?$AAd?$AA?$AA@PBOPGDP@ 0000000140008530     mspyLib.obj
 0006:000005a4       __IMPORT_DESCRIPTOR_ntoskrnl 00000001400085a4     ntoskrnl:ntoskrnl.exe
 0006:000005b8       __IMPORT_DESCRIPTOR_FLTMGR 00000001400085b8     fltMgr:FLTMGR.SYS
 0006:000005cc       __NULL_IMPORT_DESCRIPTOR   00000001400085cc     ntoskrnl:ntoskrnl.exe
 0007:00000000       Contexts                   0000000140009000     RegistrationData.obj
 0007:00000070       FilterRegistration         0000000140009070     RegistrationData.obj
 0007:000000e0       Callbacks                  00000001400090e0     RegistrationData.obj

 entry point at        0006:0000042c

 Static symbols

 0000:ffff4000       .debug$S                   0000000140000000     ntoskrnl:ntoskrnl.exe
 0000:ffff4000       .debug$S                   0000000140000000     ntoskrnl:ntoskrnl.exe
 0000:ffff4000       .debug$S                   0000000140000000     ntoskrnl:ntoskrnl.exe
 0000:ffff4000       .debug$S                   0000000140000000     ntoskrnl:ntoskrnl.exe
 0000:ffff4000       .debug$S                   0000000140000000     ntoskrnl:ntoskrnl.exe
 0000:ffff4000       .debug$S                   0000000140000000     fltMgr:FLTMGR.SYS
 0000:ffff4000       .debug$S                   0000000140000000     fltMgr:FLTMGR.SYS
 0000:ffff4000       .debug$S                   0000000140000000     fltMgr:FLTMGR.SYS
 0000:ffff4000       .debug$S                   0000000140000000     fltMgr:FLTMGR.SYS
 0000:ffff4000       .debug$S                   0000000140000000     fltMgr:FLTMGR.SYS
 0000:ffff4000       .debug$S                   0000000140000000     fltMgr:FLTMGR.SYS
 0000:ffff4000       .debug$S                   0000000140000000     fltMgr:FLTMGR.SYS
 0000:ffff4000       .debug$S                   0000000140000000     fltMgr:FLTMGR.SYS
 0000:ffff4000       .debug$S                   0000000140000000     fltMgr:FLTMGR.SYS
 0000:ffff4000       .debug$S                   0000000140000000     fltMgr:FLTMGR.SYS
 0000:ffff4000       .debug$S                   0000000140000000     fltMgr:FLTMGR.SYS
 0000:ffff4000       .debug$S                   0000000140000000     fltMgr:FLTMGR.SYS
 0000:ffff4000       .debug$S                   0000000140000000     fltMgr:FLTMGR.SYS
 0000:ffff4000       .debug$S                   0000000140000000     fltMgr:FLTMGR.SYS
 0000:ffff4000       .debug$S                   0000000140000000     fltMgr:FLTMGR.SYS
 0000:ffff4000       .debug$S                   0000000140000000     fltMgr:FLTMGR.SYS
 0000:ffff4000       .debug$S                   0000000140000000     fltMgr:FLTMGR.SYS
 0000:ffff4000       .debug$S                   0000000140000000     fltMgr:FLTMGR.SYS
 0000:ffff4000       .debug$S                   0000000140000000     fltMgr:FLTMGR.SYS
 0000:ffff4000       .debug$S                   0000000140000000     ntoskrnl:ntoskrnl.exe
 0000:ffff4000       .debug$S                   0000000140000000     ntoskrnl:ntoskrnl.exe
 0000:ffff4000       .debug$S                   0000000140000000     ntoskrnl:ntoskrnl.exe
 0000:ffff4000       .debug$S                   0000000140000000     ntoskrnl:ntoskrnl.exe
 0000:ffff4000       .debug$S                   0000000140000000     ntoskrnl:ntoskrnl.exe
 0000:ffff4000       .debug$S                   0000000140000000     ntoskrnl:ntoskrnl.exe
 0000:ffff4000       .debug$S                   0000000140000000     ntoskrnl:ntoskrnl.exe
 0000:ffff4000       .debug$S                   0000000140000000     ntoskrnl:ntoskrnl.exe
 0000:ffff4000       .debug$S                   0000000140000000     ntoskrnl:ntoskrnl.exe
 0000:ffff4000       .debug$S                   0000000140000000     ntoskrnl:ntoskrnl.exe
 0000:ffff4000       .debug$S                   0000000140000000     ntoskrnl:ntoskrnl.exe
 0000:ffff4000       .debug$S                   0000000140000000     ntoskrnl:ntoskrnl.exe
 0000:ffff4000       .debug$S                   0000000140000000     ntoskrnl:ntoskrnl.exe
 0000:ffff4000       .debug$S                   0000000140000000     ntoskrnl:ntoskrnl.exe
 0000:ffff4000       .debug$S                   0000000140000000     ntoskrnl:ntoskrnl.exe
 0000:ffff4000       .debug$S                   0000000140000000     ntoskrnl:ntoskrnl.exe
 0000:ffff4000       .debug$S                   0000000140000000     ntoskrnl:ntoskrnl.exe
 0000:ffff4000       .debug$S                   0000000140000000     ntoskrnl:ntoskrnl.exe
 0001:000016d0       $$000000                   00000001400026d0     BufferOverflowFastFailK:amdsecgs.obj
 0001:00001790       $$000000                   0000000140002790     ntoskrnl:memcmp.obj
 0001:000018e0       $$000000                   00000001400028e0     BufferOverflowFastFailK:guard_dispatch.obj
 0001:000019d0       SpyGetLog$filt$0           00000001400029d0 f   mspyLib.obj
 0002:00000548       $unwind$SpyPreOperationCallback 0000000140003548     minispy.obj
 0002:0000055c       $unwind$SpyPostOperationCallback 000000014000355c     minispy.obj
 0002:0000056c       $unwind$SpyKtmNotificationCallback 000000014000356c     minispy.obj
 0002:00000578       $unwind$SpyFilterUnload    0000000140003578     minispy.obj
 0002:00000584       $unwind$SpyExceptionFilter 0000000140003584     minispy.obj
 0002:00000584       $unwind$SpyQueryTeardown   0000000140003584     minispy.obj
 0002:00000590       $unwind$SpyDeleteTxfContext 0000000140003590     minispy.obj
 0002:00000590       $unwind$SpyLogPostOperationData 0000000140003590     mspyLib.obj
 0002:0000059c       $unwind$DriverEntry        000000014000359c     minispy.obj
 0002:000005c0       $unwind$DriverEntry$fin$0  00000001400035c0     minispy.obj
 0002:000005cc       $unwind$SpyMessage         00000001400035cc     minispy.obj
 0002:00000600       $unwind$SpyMessage$filt$0  0000000140003600     minispy.obj
 0002:00000600       $unwind$SpyGetLog$filt$0   0000000140003600     mspyLib.obj
 0002:00000600       $unwind$SpyMessage$filt$1  0000000140003600     minispy.obj
 0002:0000060c       $unwind$SpyConnect         000000014000360c     minispy.obj
 0002:00000618       $unwind$SpyDisconnect      0000000140003618     minispy.obj
 0002:00000618       $unwind$SpyAllocateBuffer  0000000140003618     mspyLib.obj
 0002:00000618       $unwind$ExAllocateFromNPagedLookasideList 0000000140003618     mspyLib.obj
 0002:00000618       $unwind$SpyFreeRecord      0000000140003618     mspyLib.obj
 0002:00000618       $unwind$RemoveHeadList     0000000140003618     mspyLib.obj
 0002:00000618       $unwind$SpyLog             0000000140003618     mspyLib.obj
 0002:00000624       $unwind$SpyEnlistInTransaction 0000000140003624     minispy.obj
 0002:00000630       $unwind$IsListEmpty        0000000140003630     mspyLib.obj
 0002:0000063c       $unwind$FatalListEntryError 000000014000363c     mspyLib.obj
 0002:00000648       $unwind$RtlpCheckListEntry 0000000140003648     mspyLib.obj
 0002:00000648       $unwind$SpyFreeBuffer      0000000140003648     mspyLib.obj
 0002:00000654       $unwind$InsertHeadList     0000000140003654     mspyLib.obj
 0002:00000654       $unwind$InsertTailList     0000000140003654     mspyLib.obj
 0002:00000660       $unwind$ExFreeToNPagedLookasideList 0000000140003660     mspyLib.obj
 0002:0000066c       $unwind$SpyReadDriverParameters 000000014000366c     mspyLib.obj
 0002:00000680       $unwind$SpyNewRecord       0000000140003680     mspyLib.obj
 0002:0000068c       $unwind$SpyParseEcps       000000014000368c     mspyLib.obj
 0002:000006a4       $unwind$SpyBuildEcpDataString 00000001400036a4     mspyLib.obj
 0002:000006b8       $unwind$SpySetRecordNameAndEcpData 00000001400036b8     mspyLib.obj
 0002:000006c4       $unwind$SpyLogTransactionNotify 00000001400036c4     mspyLib.obj
 0002:000006c4       $unwind$SpyLogPreOperationData 00000001400036c4     mspyLib.obj
 0002:000006d0       $unwind$SpyGetLog          00000001400036d0     mspyLib.obj
 0002:000006f8       $unwind$SpyEmptyOutputBufferList 00000001400036f8     mspyLib.obj
 0002:00000704       $unwind$TxNotificationToMinorCode 0000000140003704     mspyLib.obj
 0002:00000710       $unwind$GsDriverEntry      0000000140003710     BufferOverflowFastFailK:gs_driverentry.obj
 0002:00000720       $xdatasym                  0000000140003720     BufferOverflowFastFailK:amdsecgs.obj
 0002:00000724       $unwind$__GSHandlerCheckCommon 0000000140003724     ntoskrnl:gshandler.obj
 0002:00000724       $unwind$__GSHandlerCheck   0000000140003724     ntoskrnl:gshandler.obj
 0002:00000730       $xdatasym                  0000000140003730     ntoskrnl:memcmp.obj
 0002:00000738       $xdatasym                  0000000140003738     BufferOverflowFastFailK:guard_dispatch.obj
 0003:00000000       ?Sequence@?1??SpyEnlistInTransaction@@9@9 0000000140004000     minispy.obj
 0004:00000000       $pdata$SpyPreOperationCallback 0000000140005000     minispy.obj
 0004:0000000c       $pdata$SpyPostOperationCallback 000000014000500c     minispy.obj
 0004:00000018       $pdata$SpyKtmNotificationCallback 0000000140005018     minispy.obj
 0004:00000024       $pdata$SpyFilterUnload     0000000140005024     minispy.obj
 0004:00000030       $pdata$SpyQueryTeardown    0000000140005030     minispy.obj
 0004:0000003c       $pdata$SpyExceptionFilter  000000014000503c     minispy.obj
 0004:00000048       $pdata$SpyDeleteTxfContext 0000000140005048     minispy.obj
 0004:00000054       $pdata$DriverEntry         0000000140005054     minispy.obj
 0004:00000060       $pdata$DriverEntry$fin$0   0000000140005060     minispy.obj
 0004:0000006c       $pdata$SpyMessage          000000014000506c     minispy.obj
 0004:00000078       $pdata$SpyMessage$filt$0   0000000140005078     minispy.obj
 0004:00000084       $pdata$SpyMessage$filt$1   0000000140005084     minispy.obj
 0004:00000090       $pdata$SpyConnect          0000000140005090     minispy.obj
 0004:0000009c       $pdata$SpyDisconnect       000000014000509c     minispy.obj
 0004:000000a8       $pdata$SpyEnlistInTransaction 00000001400050a8     minispy.obj
 0004:000000b4       $pdata$IsListEmpty         00000001400050b4     mspyLib.obj
 0004:000000c0       $pdata$FatalListEntryError 00000001400050c0     mspyLib.obj
 0004:000000cc       $pdata$RtlpCheckListEntry  00000001400050cc     mspyLib.obj
 0004:000000d8       $pdata$RemoveHeadList      00000001400050d8     mspyLib.obj
 0004:000000e4       $pdata$InsertTailList      00000001400050e4     mspyLib.obj
 0004:000000f0       $pdata$InsertHeadList      00000001400050f0     mspyLib.obj
 0004:000000fc       $pdata$ExAllocateFromNPagedLookasideList 00000001400050fc     mspyLib.obj
 0004:00000108       $pdata$ExFreeToNPagedLookasideList 0000000140005108     mspyLib.obj
 0004:00000114       $pdata$SpyReadDriverParameters 0000000140005114     mspyLib.obj
 0004:00000120       $pdata$SpyAllocateBuffer   0000000140005120     mspyLib.obj
 0004:0000012c       $pdata$SpyFreeBuffer       000000014000512c     mspyLib.obj
 0004:00000138       $pdata$SpyNewRecord        0000000140005138     mspyLib.obj
 0004:00000144       $pdata$SpyFreeRecord       0000000140005144     mspyLib.obj
 0004:00000150       $pdata$SpyParseEcps        0000000140005150     mspyLib.obj
 0004:0000015c       $pdata$SpyBuildEcpDataString 000000014000515c     mspyLib.obj
 0004:00000168       $pdata$SpySetRecordNameAndEcpData 0000000140005168     mspyLib.obj
 0004:00000174       $pdata$SpyLogPreOperationData 0000000140005174     mspyLib.obj
 0004:00000180       $pdata$SpyLogPostOperationData 0000000140005180     mspyLib.obj
 0004:0000018c       $pdata$SpyLogTransactionNotify 000000014000518c     mspyLib.obj
 0004:00000198       $pdata$SpyLog              0000000140005198     mspyLib.obj
 0004:000001a4       $pdata$SpyGetLog           00000001400051a4     mspyLib.obj
 0004:000001b0       $pdata$SpyGetLog$filt$0    00000001400051b0     mspyLib.obj
 0004:000001bc       $pdata$SpyEmptyOutputBufferList 00000001400051bc     mspyLib.obj
 0004:000001c8       $pdata$TxNotificationToMinorCode 00000001400051c8     mspyLib.obj
 0004:000001d4       $pdata$GsDriverEntry       00000001400051d4     BufferOverflowFastFailK:gs_driverentry.obj
 0004:000001ec       $pdata$__GSHandlerCheckCommon 00000001400051ec     ntoskrnl:gshandler.obj
 0004:000001f8       $pdata$__GSHandlerCheck    00000001400051f8     ntoskrnl:gshandler.obj
 0005:00001160       SpyMessage$filt$0          0000000140007160 f   minispy.obj
 0005:00001183       SpyMessage$filt$1          0000000140007183 f   minispy.obj
 0006:00000550       DriverEntry$fin$0          0000000140008550 f   minispy.obj
 0006:0000095c       .idata$6                   000000014000895c     ntoskrnl:ntoskrnl.exe
 0006:00000b58       .idata$6                   0000000140008b58     fltMgr:FLTMGR.SYS
 0008:000000b0       $R000000                   000000014000a0b0     minispy.res
 0008:000000e8       $R000038                   000000014000a0e8     minispy.res
